--------------------------------------------------------------------------------------
Timing Analyzer Summary
--------------------------------------------------------------------------------------

Type           : Worst-case tsu
Slack          : N/A
Required Time  : None
Actual Time    : 11.588 ns
From           : ledr[3]
To             : ram_256x8:inst5|memory[0][3]
From Clock     : --
To Clock       : clk_in
Failed Paths   : 0

Type           : Worst-case tco
Slack          : N/A
Required Time  : None
Actual Time    : 17.511 ns
From           : rom_2k_16:inst11|altsyncram:altsyncram_component|altsyncram_me71:auto_generated|q_a[2]
To             : dext[3]
From Clock     : clk_in
To Clock       : --
Failed Paths   : 0

Type           : Worst-case tpd
Slack          : N/A
Required Time  : None
Actual Time    : 15.792 ns
From           : ledr[3]
To             : dext[3]
From Clock     : --
To Clock       : --
Failed Paths   : 0

Type           : Worst-case th
Slack          : N/A
Required Time  : None
Actual Time    : -7.051 ns
From           : sw[7]
To             : RegBank:inst2|regs[4][7]
From Clock     : --
To Clock       : clk_in
Failed Paths   : 0

Type           : Clock Setup: 'clk_in'
Slack          : N/A
Required Time  : None
Actual Time    : 75.15 MHz ( period = 13.307 ns )
From           : rom_2k_16:inst11|altsyncram:altsyncram_component|altsyncram_me71:auto_generated|q_a[2]
To             : ram_256x8:inst5|memory[0][3]
From Clock     : clk_in
To Clock       : clk_in
Failed Paths   : 0

Type           : Total number of failed paths
Slack          : 
Required Time  : 
Actual Time    : 
From           : 
To             : 
From Clock     : 
To Clock       : 
Failed Paths   : 0

--------------------------------------------------------------------------------------

