--------------------------------------------------------------------------------------
Timing Analyzer Summary
--------------------------------------------------------------------------------------

Type           : Worst-case tsu
Slack          : N/A
Required Time  : None
Actual Time    : 1.133 ns
From           : sw[3]
To             : port_io:inst8|latch[3]
From Clock     : --
To Clock       : clk_in
Failed Paths   : 0

Type           : Worst-case tco
Slack          : N/A
Required Time  : None
Actual Time    : 20.397 ns
From           : rom_2k_16:inst11|altsyncram:altsyncram_component|altsyncram_me71:auto_generated|q_a[5]
To             : dext[2]
From Clock     : clk_in
To Clock       : --
Failed Paths   : 0

Type           : Worst-case th
Slack          : N/A
Required Time  : None
Actual Time    : 2.927 ns
From           : ledr[1]
To             : port_io:inst4|latch[1]
From Clock     : --
To Clock       : clk_in
Failed Paths   : 0

Type           : Clock Setup: 'clk_in'
Slack          : N/A
Required Time  : None
Actual Time    : 39.26 MHz ( period = 25.468 ns )
From           : port_io:inst4|latch[2]
To             : ram_256x8:inst5|memory[254][2]
From Clock     : clk_in
To Clock       : clk_in
Failed Paths   : 0

Type           : Clock Hold: 'clk_in'
Slack          : Not operational: Clock Skew > Data Delay
Required Time  : None
Actual Time    : N/A
From           : port_io:inst4|dir_reg[2]
To             : port_io:inst8|latch[2]
From Clock     : clk_in
To Clock       : clk_in
Failed Paths   : 112

Type           : Total number of failed paths
Slack          : 
Required Time  : 
Actual Time    : 
From           : 
To             : 
From Clock     : 
To Clock       : 
Failed Paths   : 112

--------------------------------------------------------------------------------------

