--------------------------------------------------------------------------------------
Timing Analyzer Summary
--------------------------------------------------------------------------------------

Type           : Worst-case tsu
Slack          : N/A
Required Time  : None
Actual Time    : 0.797 ns
From           : key0
To             : puc_241:inst6|instrucao[3]
From Clock     : --
To Clock       : clk_50
Failed Paths   : 0

Type           : Worst-case tco
Slack          : N/A
Required Time  : None
Actual Time    : 7.788 ns
From           : rom_2k_16:inst11|altsyncram:altsyncram_component|altsyncram_me71:auto_generated|q_a[6]
To             : rom_q[6]
From Clock     : clk_50
To Clock       : --
Failed Paths   : 0

Type           : Worst-case th
Slack          : N/A
Required Time  : None
Actual Time    : -0.567 ns
From           : key0
To             : puc_241:inst6|instrucao[3]
From Clock     : --
To Clock       : clk_50
Failed Paths   : 0

Type           : Clock Setup: 'clk_50'
Slack          : N/A
Required Time  : None
Actual Time    : 230.79 MHz ( period = 4.333 ns )
From           : Prog_cnt:inst1|pc[2]
To             : rom_2k_16:inst11|altsyncram:altsyncram_component|altsyncram_me71:auto_generated|ram_block1a0~porta_address_reg9
From Clock     : clk_50
To Clock       : clk_50
Failed Paths   : 0

Type           : Total number of failed paths
Slack          : 
Required Time  : 
Actual Time    : 
From           : 
To             : 
From Clock     : 
To Clock       : 
Failed Paths   : 0

--------------------------------------------------------------------------------------

